\BOOKMARK [1][-]{section.0.1}{\376\377\000I\000n\000t\000r\000o\000d\000u\000z\000i\000o\000n\000e}{}% 1
\BOOKMARK [2][-]{subsection.0.1.1}{\376\377\000C\000o\000n\000t\000e\000s\000t\000o\000\040\000d\000e\000l\000l\000a\000\040\000T\000e\000s\000i}{section.0.1}% 2
\BOOKMARK [2][-]{subsection.0.1.2}{\376\377\000I\000l\000\040\000M\000o\000d\000e\000l\000l\000o\000\040\000d\000e\000i\000\040\000B\000i\000g\000\040\000F\000i\000v\000e}{section.0.1}% 3
\BOOKMARK [2][-]{subsection.0.1.3}{\376\377\000O\000b\000i\000e\000t\000t\000i\000v\000i\000\040\000d\000e\000l\000l\000a\000\040\000R\000i\000c\000e\000r\000c\000a}{section.0.1}% 4
\BOOKMARK [1][-]{section.0.2}{\376\377\000M\000e\000t\000o\000d\000o\000l\000o\000g\000i\000a}{}% 5
\BOOKMARK [2][-]{subsection.0.2.1}{\376\377\000S\000v\000i\000l\000u\000p\000p\000o\000\040\000d\000e\000l\000\040\000S\000i\000s\000t\000e\000m\000a}{section.0.2}% 6
\BOOKMARK [2][-]{subsection.0.2.2}{\376\377\000I\000m\000p\000l\000e\000m\000e\000n\000t\000a\000z\000i\000o\000n\000e\000\040\000d\000e\000g\000l\000i\000\040\000L\000L\000M}{section.0.2}% 7
\BOOKMARK [2][-]{subsection.0.2.3}{\376\377\000I\000m\000p\000l\000e\000m\000e\000n\000t\000a\000z\000i\000o\000n\000e\000\040\000d\000e\000l\000l\000a\000\040\000M\000e\000m\000o\000r\000i\000a\000\040\000d\000e\000i\000\040\000P\000e\000r\000s\000o\000n\000a\000g\000g\000i}{section.0.2}% 8
\BOOKMARK [2][-]{subsection.0.2.4}{\376\377\000G\000e\000n\000e\000r\000a\000z\000i\000o\000n\000e\000\040\000d\000i\000\040\000S\000t\000o\000r\000i\000e\000\040\000d\000i\000\040\000B\000a\000c\000k\000g\000r\000o\000u\000n\000d\000\040\000e\000\040\000I\000n\000t\000e\000r\000a\000z\000i\000o\000n\000i}{section.0.2}% 9
\BOOKMARK [2][-]{subsection.0.2.5}{\376\377\000V\000a\000l\000u\000t\000a\000z\000i\000o\000n\000e}{section.0.2}% 10
\BOOKMARK [2][-]{subsection.0.2.6}{\376\377\000M\000e\000t\000o\000d\000i\000\040\000d\000i\000\040\000A\000n\000a\000l\000i\000s\000i}{section.0.2}% 11
\BOOKMARK [1][-]{section.0.3}{\376\377\000R\000i\000s\000u\000l\000t\000a\000t\000i}{}% 12
\BOOKMARK [2][-]{subsection.0.3.1}{\376\377\000P\000r\000e\000s\000t\000a\000z\000i\000o\000n\000i\000\040\000G\000e\000n\000e\000r\000a\000l\000i\000\040\000d\000e\000i\000\040\000M\000o\000d\000e\000l\000l\000i}{section.0.3}% 13
\BOOKMARK [2][-]{subsection.0.3.2}{\376\377\000T\000a\000s\000s\000o\000\040\000d\000i\000\040\000S\000u\000c\000c\000e\000s\000s\000o}{section.0.3}% 14
\BOOKMARK [2][-]{subsection.0.3.3}{\376\377\000A\000c\000c\000u\000r\000a\000t\000e\000z\000z\000a\000\040\000p\000e\000r\000\040\000s\000i\000n\000g\000o\000l\000o\000\040\000t\000r\000a\000t\000t\000o}{section.0.3}% 15
\BOOKMARK [2][-]{subsection.0.3.4}{\376\377\000S\000c\000a\000t\000t\000e\000r\000\040\000P\000l\000o\000t\000\040\000D\000u\000r\000a\000t\000a\000\040\000v\000s\000\040\000A\000c\000c\000u\000r\000a\000t\000e\000z\000z\000a}{section.0.3}% 16
\BOOKMARK [2][-]{subsection.0.3.5}{\376\377\000C\000o\000n\000s\000i\000s\000t\000e\000n\000z\000a\000\040\000d\000e\000l\000l\000e\000\040\000a\000c\000c\000u\000r\000a\000t\000e\000z\000z\000e\000\040\000p\000e\000r\000\040\000m\000o\000d\000e\000l\000l\000o}{section.0.3}% 17
\BOOKMARK [2][-]{subsection.0.3.6}{\376\377\000I\000s\000t\000o\000g\000r\000a\000m\000m\000i\000\040\000d\000e\000l\000l\000e\000\040\000A\000c\000c\000u\000r\000a\000t\000e\000z\000z\000e\000\040\000p\000e\000r\000\040\000T\000r\000a\000t\000t\000o}{section.0.3}% 18
\BOOKMARK [2][-]{subsection.0.3.7}{\376\377\000H\000e\000a\000t\000m\000a\000p\000\040\000d\000e\000l\000l\000e\000\040\000C\000o\000r\000r\000e\000l\000a\000z\000i\000o\000n\000i}{section.0.3}% 19
\BOOKMARK [2][-]{subsection.0.3.8}{\376\377\000A\000n\000a\000l\000i\000s\000i\000\040\000C\000o\000m\000p\000l\000e\000s\000s\000i\000v\000a\000\040\000d\000e\000l\000l\000e\000\040\000P\000r\000e\000s\000t\000a\000z\000i\000o\000n\000i\000\040\000d\000e\000i\000\040\000M\000o\000d\000e\000l\000l\000i}{section.0.3}% 20
\BOOKMARK [2][-]{subsection.0.3.9}{\376\377\000I\000m\000p\000a\000t\000t\000o\000\040\000d\000e\000l\000l\000a\000\040\000Q\000u\000a\000n\000t\000i\000z\000z\000a\000z\000i\000o\000n\000e\000\040\000s\000u\000l\000l\000e\000\040\000P\000r\000e\000s\000t\000a\000z\000i\000o\000n\000i}{section.0.3}% 21
\BOOKMARK [1][-]{section.0.4}{\376\377\000D\000i\000s\000c\000u\000s\000s\000i\000o\000n\000e\000\040\000e\000\040\000C\000o\000n\000c\000l\000u\000s\000i\000o\000n\000i}{}% 22
\BOOKMARK [2][-]{subsection.0.4.1}{\376\377\000S\000i\000n\000t\000e\000s\000i\000\040\000d\000e\000i\000\040\000R\000i\000s\000u\000l\000t\000a\000t\000i\000\040\000P\000r\000i\000n\000c\000i\000p\000a\000l\000i}{section.0.4}% 23
\BOOKMARK [2][-]{subsection.0.4.2}{\376\377\000I\000m\000p\000l\000i\000c\000a\000z\000i\000o\000n\000i\000\040\000T\000e\000o\000r\000i\000c\000h\000e\000\040\000e\000\040\000P\000r\000a\000t\000i\000c\000h\000e}{section.0.4}% 24
\BOOKMARK [2][-]{subsection.0.4.3}{\376\377\000L\000i\000m\000i\000t\000i\000\040\000d\000e\000l\000l\000o\000\040\000S\000t\000u\000d\000i\000o\000\040\000e\000\040\000D\000i\000r\000e\000z\000i\000o\000n\000i\000\040\000F\000u\000t\000u\000r\000e}{section.0.4}% 25
