\BOOKMARK [1][-]{section*.2}{\376\377\000A\000b\000s\000t\000r\000a\000c\000t}{}% 1
\BOOKMARK [1][-]{section.0.1}{\376\377\000I\000n\000t\000r\000o\000d\000u\000c\000t\000i\000o\000n\000\040\000a\000n\000d\000\040\000B\000a\000c\000k\000g\000r\000o\000u\000n\000d}{}% 2
\BOOKMARK [2][-]{subsection.0.1.1}{\376\377\000T\000h\000e\000\040\000C\000o\000s\000t\000\040\000o\000f\000\040\000a\000\040\000D\000y\000n\000a\000m\000i\000c\000\040\000H\000e\000u\000r\000i\000s\000t\000i\000c}{section.0.1}% 3
\BOOKMARK [2][-]{subsection.0.1.2}{\376\377\000A\000n\000s\000w\000e\000r\000\040\000S\000e\000t\000\040\000P\000r\000o\000g\000r\000a\000m\000m\000i\000n\000g}{section.0.1}% 4
\BOOKMARK [2][-]{subsection.0.1.3}{\376\377\000G\000r\000o\000u\000n\000d\000-\000a\000n\000d\000-\000S\000o\000l\000v\000e\000:\000\040\000g\000r\000i\000n\000g\000o\000,\000\040\000c\000l\000a\000s\000p\000,\000\040\000a\000n\000d\000\040\000C\000o\000n\000f\000l\000i\000c\000t\000-\000D\000r\000i\000v\000e\000n\000\040\000S\000e\000a\000r\000c\000h}{section.0.1}% 5
\BOOKMARK [2][-]{subsection.0.1.4}{\376\377\000D\000o\000m\000a\000i\000n\000-\000S\000p\000e\000c\000i\000f\000i\000c\000\040\000H\000e\000u\000r\000i\000s\000t\000i\000c\000s\000\040\000i\000n\000\040\000c\000l\000i\000n\000g\000o}{section.0.1}% 6
\BOOKMARK [2][-]{subsection.0.1.5}{\376\377\000L\000a\000z\000y\000\040\000G\000r\000o\000u\000n\000d\000i\000n\000g\000,\000\040\000A\000l\000p\000h\000a\000,\000\040\000a\000n\000d\000\040\000H\000e\000u\000r\000i\000s\000t\000i\000c\000s\000\040\000o\000v\000e\000r\000\040\000P\000a\000r\000t\000i\000a\000l\000\040\000A\000s\000s\000i\000g\000n\000m\000e\000n\000t\000s}{section.0.1}% 7
\BOOKMARK [2][-]{subsection.0.1.6}{\376\377\000E\000x\000t\000e\000n\000d\000i\000n\000g\000\040\000c\000l\000i\000n\000g\000o\000:\000\040\000P\000r\000o\000p\000a\000g\000a\000t\000o\000r\000s\000\040\000a\000n\000d\000\040\000t\000h\000e\000\040\000H\000e\000u\000r\000i\000s\000t\000i\000c\000\040\000I\000n\000t\000e\000r\000f\000a\000c\000e}{section.0.1}% 8
\BOOKMARK [1][-]{section.0.2}{\376\377\000M\000e\000t\000h\000o\000d\000o\000l\000o\000g\000y}{}% 9
\BOOKMARK [2][-]{subsection.0.2.1}{\376\377\000T\000h\000e\000\040\000E\000x\000p\000e\000r\000i\000m\000e\000n\000t\000a\000l\000\040\000D\000e\000s\000i\000g\000n\000:\000\040\000T\000w\000o\000\040\000A\000x\000e\000s\000,\000\040\000F\000o\000u\000r\000\040\000V\000a\000r\000i\000a\000n\000t\000s}{section.0.2}% 10
\BOOKMARK [2][-]{subsection.0.2.2}{\376\377\000S\000y\000s\000t\000e\000m\000\040\000A\000r\000c\000h\000i\000t\000e\000c\000t\000u\000r\000e}{section.0.2}% 11
\BOOKMARK [2][-]{subsection.0.2.3}{\376\377\000T\000h\000e\000\040\000N\000a\000t\000i\000v\000e\000\040\000H\000e\000u\000r\000i\000s\000t\000i\000c\000\040\000L\000a\000n\000g\000u\000a\000g\000e}{section.0.2}% 12
\BOOKMARK [1][-]{section.0.3}{\376\377\000I\000m\000p\000l\000e\000m\000e\000n\000t\000a\000t\000i\000o\000n\000\040\000a\000n\000d\000\040\000B\000e\000n\000c\000h\000m\000a\000r\000k\000\040\000S\000e\000t\000u\000p}{}% 13
\BOOKMARK [2][-]{subsection.0.3.1}{\376\377\000I\000n\000s\000i\000d\000e\000\040\000t\000h\000e\000\040\000N\000a\000t\000i\000v\000e\000\040\000B\000a\000c\000k\000e\000n\000d}{section.0.3}% 14
\BOOKMARK [2][-]{subsection.0.3.2}{\376\377\000T\000h\000e\000\040\000P\000r\000o\000l\000o\000g\000\040\000B\000a\000c\000k\000e\000n\000d}{section.0.3}% 15
\BOOKMARK [2][-]{subsection.0.3.3}{\376\377\000B\000e\000n\000c\000h\000m\000a\000r\000k\000\040\000P\000r\000o\000b\000l\000e\000m\000s\000\040\000a\000n\000d\000\040\000E\000n\000c\000o\000d\000i\000n\000g\000s}{section.0.3}% 16
\BOOKMARK [2][-]{subsection.0.3.4}{\376\377\000C\000o\000r\000r\000e\000c\000t\000n\000e\000s\000s\000\040\000V\000a\000l\000i\000d\000a\000t\000i\000o\000n}{section.0.3}% 17
\BOOKMARK [2][-]{subsection.0.3.5}{\376\377\000B\000e\000n\000c\000h\000m\000a\000r\000k\000\040\000I\000n\000f\000r\000a\000s\000t\000r\000u\000c\000t\000u\000r\000e\000\040\000a\000n\000d\000\040\000M\000e\000t\000r\000i\000c\000s}{section.0.3}% 18
\BOOKMARK [1][-]{section.0.4}{\376\377\000R\000e\000s\000u\000l\000t\000s}{}% 19
\BOOKMARK [2][-]{subsection.0.4.1}{\376\377\000F\000u\000n\000c\000t\000i\000o\000n\000a\000l\000\040\000V\000a\000l\000i\000d\000a\000t\000i\000o\000n}{section.0.4}% 20
\BOOKMARK [2][-]{subsection.0.4.2}{\376\377\000E\000x\000p\000e\000r\000i\000m\000e\000n\000t\000a\000l\000\040\000S\000e\000t\000u\000p\000\040\000a\000n\000d\000\040\000D\000a\000t\000a\000s\000e\000t}{section.0.4}% 21
\BOOKMARK [2][-]{subsection.0.4.3}{\376\377\000R\000e\000d\000u\000c\000t\000i\000o\000n\000\040\000o\000f\000\040\000t\000h\000e\000\040\000G\000r\000o\000u\000n\000d\000\040\000H\000e\000u\000r\000i\000s\000t\000i\000c\000\040\000C\000o\000m\000p\000o\000n\000e\000n\000t}{section.0.4}% 22
\BOOKMARK [2][-]{subsection.0.4.4}{\376\377\000B\000S\000P\000:\000\040\000R\000u\000n\000t\000i\000m\000e\000\040\000B\000e\000h\000a\000v\000i\000o\000u\000r}{section.0.4}% 23
\BOOKMARK [2][-]{subsection.0.4.5}{\376\377\000B\000S\000P\000:\000\040\000t\000h\000e\000\040\000T\000w\000o\000\040\000S\000e\000m\000a\000n\000t\000i\000c\000s\000\040\000U\000n\000d\000e\000r\000\040\000t\000h\000e\000\040\000M\000i\000c\000r\000o\000s\000c\000o\000p\000e}{section.0.4}% 24
\BOOKMARK [2][-]{subsection.0.4.6}{\376\377\000B\000S\000P\000:\000\040\000R\000u\000l\000e\000s\000,\000\040\000V\000a\000r\000i\000a\000b\000l\000e\000s\000,\000\040\000a\000n\000d\000\040\000M\000e\000m\000o\000r\000y}{section.0.4}% 25
\BOOKMARK [2][-]{subsection.0.4.7}{\376\377\000T\000h\000e\000\040\000P\000r\000i\000c\000e\000\040\000o\000f\000\040\000L\000a\000z\000i\000n\000e\000s\000s\000:\000\040\000P\000e\000r\000-\000D\000e\000c\000i\000s\000i\000o\000n\000\040\000C\000o\000s\000t}{section.0.4}% 26
\BOOKMARK [2][-]{subsection.0.4.8}{\376\377\000T\000w\000o\000\040\000G\000r\000o\000u\000n\000d\000\040\000S\000i\000m\000u\000l\000a\000t\000i\000o\000n\000s\000\040\000o\000f\000\040\000A\000l\000p\000h\000a\000:\000\040\000g\000a\000\040\000v\000e\000r\000s\000u\000s\000\040\000g\000a\000\137\000w\000e\000a\000k}{section.0.4}% 27
\BOOKMARK [2][-]{subsection.0.4.9}{\376\377\000D\000i\000r\000e\000c\000t\000\040\000a\000n\000d\000\040\000A\000u\000x\000i\000l\000i\000a\000r\000y\000\040\000F\000o\000r\000m\000s}{section.0.4}% 28
\BOOKMARK [2][-]{subsection.0.4.10}{\376\377\000E\000f\000f\000e\000c\000t\000\040\000o\000f\000\040\000t\000h\000e\000\040\000C\000o\000n\000s\000t\000r\000a\000i\000n\000t\000\040\000F\000o\000r\000m\000u\000l\000a\000t\000i\000o\000n}{section.0.4}% 29
\BOOKMARK [2][-]{subsection.0.4.11}{\376\377\000P\000U\000P\000:\000\040\000t\000h\000e\000\040\000G\000r\000o\000u\000n\000d\000i\000n\000g\000\040\000B\000o\000t\000t\000l\000e\000n\000e\000c\000k\000\040\000a\000t\000\040\000S\000c\000a\000l\000e}{section.0.4}% 30
\BOOKMARK [2][-]{subsection.0.4.12}{\376\377\000H\000R\000P\000:\000\040\000S\000e\000m\000a\000n\000t\000i\000c\000s\000\040\000W\000i\000t\000h\000o\000u\000t\000\040\000A\000g\000g\000r\000e\000g\000a\000t\000e\000s}{section.0.4}% 31
\BOOKMARK [2][-]{subsection.0.4.13}{\376\377\000N\000a\000t\000i\000v\000e\000\040\000v\000e\000r\000s\000u\000s\000\040\000P\000r\000o\000l\000o\000g\000:\000\040\000S\000u\000m\000m\000a\000r\000y}{section.0.4}% 32
\BOOKMARK [2][-]{subsection.0.4.14}{\376\377\000S\000u\000m\000m\000a\000r\000y\000\040\000o\000f\000\040\000R\000e\000s\000u\000l\000t\000s}{section.0.4}% 33
\BOOKMARK [1][-]{section.0.5}{\376\377\000D\000i\000s\000c\000u\000s\000s\000i\000o\000n\000\040\000a\000n\000d\000\040\000C\000o\000n\000c\000l\000u\000s\000i\000o\000n\000s}{}% 34
\BOOKMARK [2][-]{subsection.0.5.1}{\376\377\000D\000i\000s\000c\000u\000s\000s\000i\000o\000n\000\040\000o\000f\000\040\000t\000h\000e\000\040\000R\000e\000s\000u\000l\000t\000s}{section.0.5}% 35
\BOOKMARK [2][-]{subsection.0.5.2}{\376\377\000L\000i\000m\000i\000t\000a\000t\000i\000o\000n\000s}{section.0.5}% 36
\BOOKMARK [2][-]{subsection.0.5.3}{\376\377\000I\000m\000p\000l\000i\000c\000a\000t\000i\000o\000n\000s}{section.0.5}% 37
\BOOKMARK [2][-]{subsection.0.5.4}{\376\377\000F\000u\000t\000u\000r\000e\000\040\000W\000o\000r\000k}{section.0.5}% 38
\BOOKMARK [2][-]{subsection.0.5.5}{\376\377\000C\000o\000n\000c\000l\000u\000s\000i\000o\000n\000s}{section.0.5}% 39
